PHPUnit 11.5.53 by Sebastian Bergmann and contributors.

Runtime:       PHP 8.4.7
Configuration: C:\my filess dudeee\Tugas Kuliah\Semester 4\PPL\cobak-collab-ppl-rshp\phpunit.xml

...........[41;37mF[0m[41;37mF[0m.                                                    14 / 14 (100%)

Time: 00:04.728, Memory: 44.00 MB

There were 2 failures:

1) Tests\Unit\EditProfileTest::test_sql_injection_input
Failed asserting that a row in the table [user] matches the attributes {
    "iduser": 566,
    "nama": "Admin' Or '1'='1"
}.

Found similar results: [
    {
        "iduser": 566,
        "nama": "Test User 1"
    }
].

C:\my filess dudeee\Tugas Kuliah\Semester 4\PPL\cobak-collab-ppl-rshp\vendor\laravel\framework\src\Illuminate\Foundation\Testing\Concerns\InteractsWithDatabase.php:43
C:\my filess dudeee\Tugas Kuliah\Semester 4\PPL\cobak-collab-ppl-rshp\tests\Unit\EditProfileTest.php:274

2) Tests\Unit\EditProfileTest::test_xss_input
Failed asserting that a row in the table [user] matches the attributes {
    "iduser": 567,
    "nama": "<script>alert('xss')<\/script>"
}.

Found similar results: [
    {
        "iduser": 567,
        "nama": "Test User 1"
    }
].

C:\my filess dudeee\Tugas Kuliah\Semester 4\PPL\cobak-collab-ppl-rshp\vendor\laravel\framework\src\Illuminate\Foundation\Testing\Concerns\InteractsWithDatabase.php:43
C:\my filess dudeee\Tugas Kuliah\Semester 4\PPL\cobak-collab-ppl-rshp\tests\Unit\EditProfileTest.php:294

[37;41mFAILURES![0m
[37;41mTests: 14[0m[37;41m, Assertions: 18[0m[37;41m, Failures: 2[0m[37;41m.[0m
